npm warn Unknown project config "public-hoist-pattern". This will stop working in the next major version of npm. See `npm help npmrc` for supported config options.

> build
> vite build

vite v8.0.1 building client environment for production...
[plugin @laravel/vite-plugin-wayfinder] Types generated for actions, routes, form variants
[2Ktransforming...✓ 3246 modules transformed.
rendering chunks...
✗ Build failed in 6.19s
error during build:
Build failed with 2 errors:

[31m[MISSING_EXPORT] Error:[0m "dashboard" is not exported by "resources/js/routes/index.ts".
    [38;5;246m╭[0m[38;5;246m─[0m[38;5;246m[[0m resources/js/pages/Dashboard.vue?vue&type=script&setup=true&lang.ts:12:10 [38;5;246m][0m
    [38;5;246m│[0m
 [38;5;246m12 │[0m [38;5;249mi[0m[38;5;249mm[0m[38;5;249mp[0m[38;5;249mo[0m[38;5;249mr[0m[38;5;249mt[0m[38;5;249m [0m[38;5;249m{[0m[38;5;249m [0mdashboard[38;5;249m [0m[38;5;249m}[0m[38;5;249m [0m[38;5;249mf[0m[38;5;249mr[0m[38;5;249mo[0m[38;5;249mm[0m[38;5;249m [0m[38;5;249m"[0m[38;5;249m@[0m[38;5;249m/[0m[38;5;249mr[0m[38;5;249mo[0m[38;5;249mu[0m[38;5;249mt[0m[38;5;249me[0m[38;5;249ms[0m[38;5;249m"[0m[38;5;249m;[0m
 [38;5;240m   │[0m          ────┬────  
 [38;5;240m   │[0m              ╰────── Missing export
[38;5;246m────╯[0m

[31m[MISSING_EXPORT] Error:[0m "dashboard" is not exported by "resources/js/routes/index.ts".
    [38;5;246m╭[0m[38;5;246m─[0m[38;5;246m[[0m resources/js/components/AppSidebar.vue?vue&type=script&setup=true&lang.ts:10:10 [38;5;246m][0m
    [38;5;246m│[0m
 [38;5;246m10 │[0m [38;5;249mi[0m[38;5;249mm[0m[38;5;249mp[0m[38;5;249mo[0m[38;5;249mr[0m[38;5;249mt[0m[38;5;249m [0m[38;5;249m{[0m[38;5;249m [0mdashboard[38;5;249m [0m[38;5;249m}[0m[38;5;249m [0m[38;5;249mf[0m[38;5;249mr[0m[38;5;249mo[0m[38;5;249mm[0m[38;5;249m [0m[38;5;249m"[0m[38;5;249m@[0m[38;5;249m/[0m[38;5;249mr[0m[38;5;249mo[0m[38;5;249mu[0m[38;5;249mt[0m[38;5;249me[0m[38;5;249ms[0m[38;5;249m"[0m[38;5;249m;[0m
 [38;5;240m   │[0m          ────┬────  
 [38;5;240m   │[0m              ╰────── Missing export
[38;5;246m────╯[0m

    at aggregateBindingErrorsIntoJsError (file:///Users/mac/Herd/justtrip/node_modules/rolldown/dist/shared/error-BO4SlZV_.mjs:48:18)
    at unwrapBindingResult (file:///Users/mac/Herd/justtrip/node_modules/rolldown/dist/shared/error-BO4SlZV_.mjs:18:128)
    at #build (file:///Users/mac/Herd/justtrip/node_modules/rolldown/dist/shared/rolldown-build-yQC7KN8K.mjs:3311:34)
    at async buildEnvironment (file:///Users/mac/Herd/justtrip/node_modules/vite/dist/node/chunks/node.js:32817:64)
    at async Object.build (file:///Users/mac/Herd/justtrip/node_modules/vite/dist/node/chunks/node.js:33239:19)
    at async Object.buildApp (file:///Users/mac/Herd/justtrip/node_modules/vite/dist/node/chunks/node.js:33236:153)
    at async CAC.<anonymous> (file:///Users/mac/Herd/justtrip/node_modules/vite/dist/node/cli.js:778:3) {
  errors: [Getter/Setter]
}
